Command line invocation:
    /Applications/Xcode.app/Contents/Developer/usr/bin/xcodebuild -scheme Signal -workspace Signal.xcworkspace -destination "platform=iOS Simulator,name=iPhone 16 Pro" clean build test

Resolve Package Graph


Resolved source packages:
  AWSiOSSDKV2: https://github.com/aws-amplify/aws-sdk-ios-spm @ 2.40.1
  swift-argument-parser: https://github.com/apple/swift-argument-parser.git @ 1.5.0
  MyTool: /Users/ibrahimusmani/Signal-iOS/MyTool

ComputePackagePrebuildTargetDependencyGraph

CreateBuildRequest

SendProjectDescription

CreateBuildOperation

** CLEAN SUCCEEDED **

ComputePackagePrebuildTargetDependencyGraph

Prepare packages

CreateBuildRequest

SendProjectDescription

CreateBuildOperation

ComputeTargetDependencyGraph
note: Building targets in dependency order
note: Target dependency graph (7 targets)
    Target 'Signal' in project 'Signal'
        ➜ Explicit dependency on target 'SignalShareExtension' in project 'Signal'
        ➜ Explicit dependency on target 'SignalUI' in project 'Signal'
        ➜ Explicit dependency on target 'SignalNSE' in project 'Signal'
        ➜ Explicit dependency on target 'SignalServiceKit' in project 'Signal'
    Target 'SignalNSE' in project 'Signal'
        ➜ Explicit dependency on target 'SignalServiceKit' in project 'Signal'
    Target 'SignalShareExtension' in project 'Signal'
        ➜ Explicit dependency on target 'SignalServiceKit' in project 'Signal'
        ➜ Explicit dependency on target 'SignalUI' in project 'Signal'
    Target 'SignalUI' in project 'Signal'
        ➜ Explicit dependency on target 'SignalServiceKit' in project 'Signal'
    Target 'SignalServiceKit' in project 'Signal'
        ➜ Explicit dependency on target 'AWSDynamoDB' in project 'AWSiOSSDKV2'
    Target 'AWSDynamoDB' in project 'AWSiOSSDKV2'
        ➜ Explicit dependency on target 'AWSDynamoDB-Target' in project 'AWSiOSSDKV2'
    Target 'AWSDynamoDB-Target' in project 'AWSiOSSDKV2' (no dependencies)

GatherProvisioningInputs

CreateBuildDescription

ExecuteExternalTool /Applications/Xcode.app/Contents/Developer/Toolchains/XcodeDefault.xctoolchain/usr/bin/clang -v -E -dM -arch arm64 -isysroot /Applications/Xcode.app/Contents/Developer/Platforms/iPhoneSimulator.platform/Developer/SDKs/iPhoneSimulator18.4.sdk -x objective-c -c /dev/null

ExecuteExternalTool /Applications/Xcode.app/Contents/Developer/usr/bin/actool --version --output-format xml1

ExecuteExternalTool /Applications/Xcode.app/Contents/Developer/usr/bin/ibtool --version --output-format xml1

ExecuteExternalTool /Applications/Xcode.app/Contents/Developer/Toolchains/XcodeDefault.xctoolchain/usr/bin/clang -v -E -dM -arch arm64 -isysroot /Applications/Xcode.app/Contents/Developer/Platforms/iPhoneSimulator.platform/Developer/SDKs/iPhoneSimulator18.4.sdk -x c -c /dev/null

ExecuteExternalTool /Applications/Xcode.app/Contents/Developer/Toolchains/XcodeDefault.xctoolchain/usr/bin/clang -v -E -dM -isysroot /Applications/Xcode.app/Contents/Developer/Platforms/iPhoneSimulator.platform/Developer/SDKs/iPhoneSimulator18.4.sdk -x c -c /dev/null

ExecuteExternalTool /Applications/Xcode.app/Contents/Developer/usr/bin/actool --print-asset-tag-combinations --output-format xml1 /Users/ibrahimusmani/Signal-iOS/Signal/AppIcon.xcassets /Users/ibrahimusmani/Signal-iOS/Signal/Images.xcassets /Users/ibrahimusmani/Signal-iOS/Signal/Symbols.xcassets

ExecuteExternalTool /Applications/Xcode.app/Contents/Developer/Toolchains/XcodeDefault.xctoolchain/usr/bin/ld -version_details

ExecuteExternalTool /Applications/Xcode.app/Contents/Developer/Toolchains/XcodeDefault.xctoolchain/usr/bin/swiftc --version

Build description signature: 854ef49b2639265b036bd770b7c17ca0
Build description path: /Users/ibrahimusmani/Library/Developer/Xcode/DerivedData/Signal-govwpdzdbjvapvcwezgynlqlwlxb/Build/Intermediates.noindex/XCBuildData/854ef49b2639265b036bd770b7c17ca0.xcbuilddata
/Users/ibrahimusmani/Signal-iOS/Signal.xcodeproj:1:1: error: Unable to open base configuration reference file '/Users/ibrahimusmani/Signal-iOS/Pods/Target Support Files/Pods-SignalShareExtension/Pods-SignalShareExtension.debug.xcconfig'. (in target 'SignalShareExtension' from project 'Signal')
/Users/ibrahimusmani/Signal-iOS/Signal.xcodeproj:1:1: error: Unable to open base configuration reference file '/Users/ibrahimusmani/Signal-iOS/Pods/Target Support Files/Pods-SignalUI/Pods-SignalUI.debug.xcconfig'. (in target 'SignalUI' from project 'Signal')
/Users/ibrahimusmani/Signal-iOS/Signal.xcodeproj:1:1: error: Unable to open base configuration reference file '/Users/ibrahimusmani/Signal-iOS/Pods/Target Support Files/Pods-Signal/Pods-Signal.debug.xcconfig'. (in target 'Signal' from project 'Signal')
/Users/ibrahimusmani/Signal-iOS/Signal.xcodeproj:1:1: error: Unable to open base configuration reference file '/Users/ibrahimusmani/Signal-iOS/Pods/Target Support Files/Pods-SignalNSE/Pods-SignalNSE.debug.xcconfig'. (in target 'SignalNSE' from project 'Signal')
/Users/ibrahimusmani/Signal-iOS/Signal.xcodeproj:1:1: error: Unable to open base configuration reference file '/Users/ibrahimusmani/Signal-iOS/Pods/Target Support Files/Pods-SignalServiceKit/Pods-SignalServiceKit.debug.xcconfig'. (in target 'SignalServiceKit' from project 'Signal')
ComputePackagePrebuildTargetDependencyGraph

Prepare packages

CreateBuildRequest

SendProjectDescription

CreateBuildOperation

ComputeTargetDependencyGraph
note: Building targets in dependency order
note: Target dependency graph (10 targets)
    Target 'SignalServiceKitTests' in project 'Signal'
        ➜ Explicit dependency on target 'SignalServiceKit' in project 'Signal'
        ➜ Explicit dependency on target 'Signal' in project 'Signal'
    Target 'SignalUITests' in project 'Signal'
        ➜ Explicit dependency on target 'SignalUI' in project 'Signal'
        ➜ Explicit dependency on target 'Signal' in project 'Signal'
    Target 'SignalTests' in project 'Signal'
        ➜ Explicit dependency on target 'SignalServiceKit' in project 'Signal'
        ➜ Explicit dependency on target 'Signal' in project 'Signal'
    Target 'Signal' in project 'Signal'
        ➜ Explicit dependency on target 'SignalShareExtension' in project 'Signal'
        ➜ Explicit dependency on target 'SignalUI' in project 'Signal'
        ➜ Explicit dependency on target 'SignalNSE' in project 'Signal'
        ➜ Explicit dependency on target 'SignalServiceKit' in project 'Signal'
    Target 'SignalNSE' in project 'Signal'
        ➜ Explicit dependency on target 'SignalServiceKit' in project 'Signal'
    Target 'SignalShareExtension' in project 'Signal'
        ➜ Explicit dependency on target 'SignalServiceKit' in project 'Signal'
        ➜ Explicit dependency on target 'SignalUI' in project 'Signal'
    Target 'SignalUI' in project 'Signal'
        ➜ Explicit dependency on target 'SignalServiceKit' in project 'Signal'
    Target 'SignalServiceKit' in project 'Signal'
        ➜ Explicit dependency on target 'AWSDynamoDB' in project 'AWSiOSSDKV2'
    Target 'AWSDynamoDB' in project 'AWSiOSSDKV2'
        ➜ Explicit dependency on target 'AWSDynamoDB-Target' in project 'AWSiOSSDKV2'
    Target 'AWSDynamoDB-Target' in project 'AWSiOSSDKV2' (no dependencies)

GatherProvisioningInputs

CreateBuildDescription

ExecuteExternalTool /Applications/Xcode.app/Contents/Developer/Toolchains/XcodeDefault.xctoolchain/usr/bin/clang -v -E -dM -arch arm64 -isysroot /Applications/Xcode.app/Contents/Developer/Platforms/iPhoneSimulator.platform/Developer/SDKs/iPhoneSimulator18.4.sdk -x objective-c -c /dev/null

ExecuteExternalTool /Applications/Xcode.app/Contents/Developer/usr/bin/actool --version --output-format xml1

ExecuteExternalTool /Applications/Xcode.app/Contents/Developer/usr/bin/ibtool --version --output-format xml1

ExecuteExternalTool /Applications/Xcode.app/Contents/Developer/Toolchains/XcodeDefault.xctoolchain/usr/bin/clang -v -E -dM -arch arm64 -isysroot /Applications/Xcode.app/Contents/Developer/Platforms/iPhoneSimulator.platform/Developer/SDKs/iPhoneSimulator18.4.sdk -x c -c /dev/null

ExecuteExternalTool /Applications/Xcode.app/Contents/Developer/Toolchains/XcodeDefault.xctoolchain/usr/bin/swiftc --version

ExecuteExternalTool /Applications/Xcode.app/Contents/Developer/Toolchains/XcodeDefault.xctoolchain/usr/bin/clang -v -E -dM -isysroot /Applications/Xcode.app/Contents/Developer/Platforms/iPhoneSimulator.platform/Developer/SDKs/iPhoneSimulator18.4.sdk -x c -c /dev/null

ExecuteExternalTool /Applications/Xcode.app/Contents/Developer/usr/bin/actool --print-asset-tag-combinations --output-format xml1 /Users/ibrahimusmani/Signal-iOS/Signal/AppIcon.xcassets /Users/ibrahimusmani/Signal-iOS/Signal/Images.xcassets /Users/ibrahimusmani/Signal-iOS/Signal/Symbols.xcassets

ExecuteExternalTool /Applications/Xcode.app/Contents/Developer/Toolchains/XcodeDefault.xctoolchain/usr/bin/ld -version_details

Build description signature: 9e9ad9b0eca7f2ab43cbe6227903beb0
Build description path: /Users/ibrahimusmani/Library/Developer/Xcode/DerivedData/Signal-govwpdzdbjvapvcwezgynlqlwlxb/Build/Intermediates.noindex/XCBuildData/9e9ad9b0eca7f2ab43cbe6227903beb0.xcbuilddata
/Users/ibrahimusmani/Signal-iOS/Signal.xcodeproj:1:1: error: Unable to open base configuration reference file '/Users/ibrahimusmani/Signal-iOS/Pods/Target Support Files/Pods-SignalServiceKitTests/Pods-SignalServiceKitTests.debug.xcconfig'. (in target 'SignalServiceKitTests' from project 'Signal')
/Users/ibrahimusmani/Signal-iOS/Signal.xcodeproj:1:1: error: Unable to open base configuration reference file '/Users/ibrahimusmani/Signal-iOS/Pods/Target Support Files/Pods-SignalUITests/Pods-SignalUITests.debug.xcconfig'. (in target 'SignalUITests' from project 'Signal')
/Users/ibrahimusmani/Signal-iOS/Signal.xcodeproj:1:1: error: Unable to open base configuration reference file '/Users/ibrahimusmani/Signal-iOS/Pods/Target Support Files/Pods-SignalServiceKit/Pods-SignalServiceKit.debug.xcconfig'. (in target 'SignalServiceKit' from project 'Signal')
/Users/ibrahimusmani/Signal-iOS/Signal.xcodeproj:1:1: error: Unable to open base configuration reference file '/Users/ibrahimusmani/Signal-iOS/Pods/Target Support Files/Pods-SignalShareExtension/Pods-SignalShareExtension.debug.xcconfig'. (in target 'SignalShareExtension' from project 'Signal')
/Users/ibrahimusmani/Signal-iOS/Signal.xcodeproj:1:1: error: Unable to open base configuration reference file '/Users/ibrahimusmani/Signal-iOS/Pods/Target Support Files/Pods-SignalTests/Pods-SignalTests.debug.xcconfig'. (in target 'SignalTests' from project 'Signal')
/Users/ibrahimusmani/Signal-iOS/Signal.xcodeproj:1:1: error: Unable to open base configuration reference file '/Users/ibrahimusmani/Signal-iOS/Pods/Target Support Files/Pods-Signal/Pods-Signal.debug.xcconfig'. (in target 'Signal' from project 'Signal')
/Users/ibrahimusmani/Signal-iOS/Signal.xcodeproj:1:1: error: Unable to open base configuration reference file '/Users/ibrahimusmani/Signal-iOS/Pods/Target Support Files/Pods-SignalUI/Pods-SignalUI.debug.xcconfig'. (in target 'SignalUI' from project 'Signal')
/Users/ibrahimusmani/Signal-iOS/Signal.xcodeproj:1:1: error: Unable to open base configuration reference file '/Users/ibrahimusmani/Signal-iOS/Pods/Target Support Files/Pods-SignalNSE/Pods-SignalNSE.debug.xcconfig'. (in target 'SignalNSE' from project 'Signal')

Test session results, code coverage, and logs:
	/Users/ibrahimusmani/Library/Developer/Xcode/DerivedData/Signal-govwpdzdbjvapvcwezgynlqlwlxb/Logs/Test/Run-Signal-2025.05.15_22-56-15--0400.xcresult

