Analyzing dependencies
Pre-downloading: `LibMobileCoin` from `https://github.com/signalapp/libmobilecoin-ios-artifacts`, submodules `true`, tag `signal/6.0.2`
Pre-downloading: `LibSignalClient` from `https://github.com/signalapp/libsignal.git`, tag `v0.68.1`
Pre-downloading: `Mantle` from `https://github.com/signalapp/Mantle`, commit `e7e46253bb01ce39525d90aa69ed9e85e758bfc4`
Pre-downloading: `MobileCoin` from `https://github.com/mobilecoinofficial/MobileCoin-Swift`, tag `v6.0.3`
Pre-downloading: `SQLCipher` from `https://github.com/signalapp/sqlcipher.git`, tag `v4.6.1-f_barrierfsync`
Pre-downloading: `SignalRingRTC` from `https://github.com/signalapp/ringrtc`, tag `v2.50.3`
Pre-downloading: `YYImage` from `https://github.com/signalapp/YYImage`, commit `62a4cede20bcf31da73d18163408e46a92f171c6`
Pre-downloading: `blurhash` from `https://github.com/signalapp/blurhash`, commit `890ffdab14207154819415da7e6c969e9dfff0e9`
Pre-downloading: `libPhoneNumber-iOS` from `https://github.com/signalapp/libPhoneNumber-iOS`, commit `60482f7c0341e7c13e037ae1edbe8b359de7e6f3`
Fetching podspec for `libwebp` from `./ThirdParty/libwebp.podspec.json`
Downloading dependencies
Installing AWSCognitoIdentityProvider (2.40.1)
Installing AWSCognitoIdentityProviderASF (2.40.1)
Installing AWSCore (2.40.1)
Installing AWSDynamoDB (2.40.1)
Installing BonMot (6.0.0)
Installing CocoaLumberjack (3.7.4)
Installing GRDB.swift (5.26.0)
Installing LibMobileCoin (6.0.2)
Installing LibSignalClient (0.68.1)
Installing Logging (1.4.0)
Installing Mantle (2.1.0)
Installing MobileCoin (6.0.3)
Installing PureLayout (3.1.4)
Installing Reachability (3.7.6)
Installing SQLCipher (4.6.1)
Installing SignalRingRTC (2.50.3)
Installing SwiftProtobuf (1.28.2)
Installing YYImage (1.0.4)
Installing blurhash (0.0.1)
Installing libPhoneNumber-iOS (1.2.0)
Installing libwebp (1.3.2)
Installing lottie-ios (4.4.3)
Generating Pods project

――― MARKDOWN TEMPLATE ―――――――――――――――――――――――――――――――――――――――――――――――――――――――――――

### Command

```
/opt/homebrew/opt/ruby/bin/pod install
```

### Report

* What did you do?

* What did you expect to happen?

* What happened instead?


### Stack

```
   CocoaPods : 1.16.2
        Ruby : ruby 3.4.2 (2025-02-15 revision d2930f8e7a) +PRISM [arm64-darwin24]
    RubyGems : 3.6.5
        Host : macOS 15.4.1 (24E263)
       Xcode : 16.3 (16E140)
         Git : git version 2.39.5 (Apple Git-154)
Ruby lib dir : /opt/homebrew/Cellar/ruby/3.4.2/lib
Repositories : cocoapods - git - https://github.com/CocoaPods/Specs.git @ 2a177e95098370dbc2ff2db4c8fe7fe0eebabf73

               signal-pods - git - https://github.com/signalapp/Signal-Pods.git @ f1e72a37fd98d819535fb41220c908138fc0d8cb

               signalapp-signal-ios - git - https://github.com/signalapp/Signal-iOS.git @ 4c5dcbf6770565203e4c0cd17c373e92c926d0c3

               signalapp-signal-pods - git - https://github.com/signalapp/Signal-Pods @ f1e72a37fd98d819535fb41220c908138fc0d8cb

               trunk - CDN - https://cdn.cocoapods.org/
```

### Plugins

```
cocoapods-deintegrate : 1.0.5
cocoapods-plugins     : 1.0.0
cocoapods-search      : 1.0.1
cocoapods-trunk       : 1.6.0
cocoapods-try         : 1.2.0
```

### Podfile

```ruby
platform :ios, '15.0'

use_frameworks!

###
# OWS Pods
###

source 'https://cdn.cocoapods.org/'

pod 'blurhash', podspec: './ThirdParty/blurhash.podspec'
pod 'SwiftProtobuf', "1.28.2"

ENV['LIBSIGNAL_FFI_PREBUILD_CHECKSUM'] = '95ea83f1a17b0d92fa1dcb36a8b40744ee0a803d89db536b5433fafcc3c96868'
pod 'LibSignalClient', git: 'https://github.com/signalapp/libsignal.git', tag: 'v0.68.1', testspecs: ["Tests"]
# pod 'LibSignalClient', path: '../libsignal', testspecs: ["Tests"]

ENV['RINGRTC_PREBUILD_CHECKSUM'] = '2fb6170bda453fc0243b7022994fc3df6b490a556f37e5493c5d924f6a8705c9'
pod 'SignalRingRTC', git: 'https://github.com/signalapp/ringrtc', tag: 'v2.50.3', inhibit_warnings: true
# pod 'SignalRingRTC', path: '../ringrtc', testspecs: ["Tests"]

pod 'GRDB.swift/SQLCipher'
# pod 'GRDB.swift/SQLCipher', path: '../GRDB.swift'

pod 'SQLCipher', git: 'https://github.com/signalapp/sqlcipher.git', tag: 'v4.6.1-f_barrierfsync'
# pod 'SQLCipher', path: '../sqlcipher'

###
# forked third party pods
###

# Forked for performance optimizations that are not likely to be upstreamed as they are specific
# to our limited use of Mantle
pod 'Mantle', git: 'https://github.com/signalapp/Mantle', branch: 'signal-master'
# pod 'Mantle', path: '../Mantle'

pod 'libPhoneNumber-iOS', git: 'https://github.com/signalapp/libPhoneNumber-iOS', branch: 'signal-master'
# pod 'libPhoneNumber-iOS', path: '../libPhoneNumber-iOS'

pod 'YYImage', git: 'https://github.com/signalapp/YYImage', :inhibit_warnings => true
pod 'YYImage/libwebp', git: 'https://github.com/signalapp/YYImage', :inhibit_warnings => true
pod 'libwebp', podspec: './ThirdParty/libwebp.podspec.json'
# pod 'YYImage', path: '../YYImage'
# pod 'YYImage/libwebp', path:'../YYImage'

###
# third party pods
####

pod 'Reachability', :inhibit_warnings => true

def ui_pods
  pod 'BonMot', inhibit_warnings: true
  pod 'PureLayout', :inhibit_warnings => true
  pod 'lottie-ios', :inhibit_warnings => true

  pod 'LibMobileCoin/CoreHTTP', git: 'https://github.com/signalapp/libmobilecoin-ios-artifacts', tag: 'signal/6.0.2', submodules: true
  pod 'MobileCoin/CoreHTTP', git: 'https://github.com/mobilecoinofficial/MobileCoin-Swift', tag: 'v6.0.3'
end

target 'Signal' do
  project 'Signal.xcodeproj', 'Debug' => :debug, 'Release' => :release

  # Pods only available inside the main Signal app
  ui_pods
    pod 'AWSCore'
    pod 'AWSDynamoDB'
    pod 'AWSCognitoIdentityProvider'

  target 'SignalTests' do
    inherit! :search_paths
  end
end

# These extensions inherit all of the common pods

target 'SignalShareExtension' do
  ui_pods
  pod 'AWSCore'
  pod 'AWSDynamoDB'
  pod 'AWSCognitoIdentityProvider'
end

target 'SignalUI' do
  ui_pods

  pod 'AWSCore'
  pod 'AWSDynamoDB'
  pod 'AWSCognitoIdentityProvider'
  target 'SignalUITests' do
    inherit! :search_paths
  end
end

target 'SignalServiceKit' do
  pod 'CocoaLumberjack'
  pod 'AWSCore'
  pod 'AWSDynamoDB'
  target 'SignalServiceKitTests' do
    inherit! :search_paths
  end
end

target 'SignalNSE' do
  pod 'AWSCore'
  pod 'AWSDynamoDB'
end

post_install do |installer|
  enable_strip(installer)
  enable_extension_support_for_purelayout(installer)
  configure_warning_flags(installer)
  configure_testable_build(installer)
  promote_minimum_supported_version(installer)
  disable_bitcode(installer)
  disable_armv7(installer)
  strip_valid_archs(installer)
  update_frameworks_script(installer)
  disable_non_development_pod_warnings(installer)
#  fix_ringrtc_project_symlink(installer)
  fetch_ringrtc
  copy_acknowledgements
end

# Works around CocoaPods behavior designed for static libraries.
# See https://github.com/CocoaPods/CocoaPods/issues/10277
def enable_strip(installer)
  installer.pods_project.build_configurations.each do |build_configuration|
    build_configuration.build_settings['STRIP_INSTALLED_PRODUCT'] = 'YES'
  end
end

# PureLayout by default makes use of UIApplication, and must be configured to be built for an extension.
def enable_extension_support_for_purelayout(installer)
  installer.pods_project.targets.each do |target|
    if target.name.end_with? "PureLayout"
      target.build_configurations.each do |build_configuration|
         build_configuration.build_settings['GCC_PREPROCESSOR_DEFINITIONS'] ||= '$(inherited)'
         build_configuration.build_settings['GCC_PREPROCESSOR_DEFINITIONS'] << ' PURELAYOUT_APP_EXTENSIONS=1'
      end
    end
  end
end

# We want some warning to be treated as errors.
#
# NOTE: We have to manually keep this list in sync with what's in our
# Signal.xcodeproj config in Xcode go to:
#   Signal Project > Build Settings > Other Warning Flags
def configure_warning_flags(installer)
  installer.pods_project.targets.each do |target|
      target.build_configurations.each do |build_configuration|
          build_configuration.build_settings['WARNING_CFLAGS'] = ['$(inherited)',
                                                                  '-Werror=incompatible-pointer-types',
                                                                  '-Werror=protocol',
                                                                  '-Werror=incomplete-implementation',
                                                                  '-Werror=objc-literal-conversion',
                                                                  '-Werror=objc-property-synthesis',
                                                                  '-Werror=objc-protocol-property-synthesis']
      end
  end
end

def configure_testable_build(installer)
  installer.pods_project.targets.each do |target|
    target.build_configurations.each do |build_configuration|
      next unless ["Testable Release", "Debug", "Profiling"].include?(build_configuration.name)
      build_configuration.build_settings['ONLY_ACTIVE_ARCH'] = 'YES'
      build_configuration.build_settings['ENABLE_TESTABILITY'] = 'YES'
    end
  end
end

# Xcode 13 dropped support for some older iOS versions. We only need them
# to support our project's minimum version, so let's bump each Pod's min
# version to our min to suppress these warnings.
def promote_minimum_supported_version(installer)
  project_min_version = current_target_definition.platform.deployment_target

  installer.pods_project.targets.each do |target|
    target.build_configurations.each do |build_configuration|
      target_version_string = build_configuration.build_settings['IPHONEOS_DEPLOYMENT_TARGET']
      target_version = Version.create(target_version_string)

      if target_version < project_min_version
        build_configuration.build_settings['IPHONEOS_DEPLOYMENT_TARGET'] = project_min_version.version
      end
    end
  end
end


def disable_bitcode(installer)
  installer.pods_project.targets.each do |target|
    target.build_configurations.each do |config|
      config.build_settings['ENABLE_BITCODE'] = 'NO'
    end
  end
end

def disable_armv7(installer)
  installer.pods_project.targets.each do |target|
    target.build_configurations.each do |config|
      config.build_settings['EXCLUDED_ARCHS'] = 'armv7'
    end
  end
end

def strip_valid_archs(installer)
  Dir.glob('Pods/Target Support Files/**/*.xcconfig') do |xcconfig_path|
    xcconfig = File.read(xcconfig_path)
    xcconfig_mod = xcconfig.gsub('VALID_ARCHS[sdk=iphoneos*] = arm64', '')
    xcconfig_mod = xcconfig_mod.gsub('VALID_ARCHS[sdk=iphonesimulator*] = x86_64 arm64', '')
    xcconfig_mod = xcconfig_mod.gsub('VALID_ARCHS[sdk=iphonesimulator*] = x86_64', '')
    File.open(xcconfig_path, "w") { |file| file << xcconfig_mod }
  end
end

#update_framework_scripts updates Pod-Signal-frameworks.sh to fix a bug in the .XCFramework->.framework
#conversation process, by ensuring symlinks are properly respected in the XCFramework.
#See https://github.com/CocoaPods/CocoaPods/issues/7587
def update_frameworks_script(installer)
    fw_script = File.read('Pods/Target Support Files/Pods-Signal/Pods-Signal-frameworks.sh')
    fw_script_mod = fw_script.gsub('      lipo -remove "$arch" -output "$binary" "$binary"
', '      realBinary="${binary}"
      if [ -L "${realBinary}" ]; then
        echo "Symlinked..."
        dirname="$(dirname "${realBinary}")"
        realBinary="${dirname}/$(readlink "${realBinary}")"
      fi
      lipo -remove "${arch}" -output "${realBinary}" "${realBinary}" || exit 1')
    File.open('Pods/Target Support Files/Pods-Signal/Pods-Signal-frameworks.sh', "w") { |file| file << fw_script_mod }
end

# Disable warnings on any Pod not currently being modified
def disable_non_development_pod_warnings(installer)
  non_development_targets = installer.pod_targets.select do |target|
    !installer.development_pod_targets.include?(target)
  end

  installer.pods_project.targets.each do |target|
    target.build_configurations.each do |build_configuration|
      # Only suppress warnings for the debug configuration
      # If we're building for release, continue to display warnings for all projects
      next if build_configuration.name != "Debug"

      next unless non_development_targets.any? do |non_dev_target|
        target.name.include?(non_dev_target.name)
      end

      build_configuration.build_settings['GCC_WARN_INHIBIT_ALL_WARNINGS'] = 'YES'
      build_configuration.build_settings['OTHER_SWIFT_FLAGS'] ||= '$(inherited)'
      build_configuration.build_settings['OTHER_SWIFT_FLAGS'] << ' -suppress-warnings'
    end
  end
end

def fix_ringrtc_project_symlink(installer)
  ringrtc_path = installer.sandbox.pod_dir('SignalRingRTC') + '/out/release/libringrtc/ringrtc.h'
  unless File.exist?(ringrtc_path)
    puts "Skipping fix_ringrtc_project_symlink: file not found at #{ringrtc_path}"
    return
  end

  ringrtc_header_ref = installer.pods_project.reference_for_path(ringrtc_path)
  if ringrtc_header_ref.path.start_with?('../') || ringrtc_header_ref.path.start_with?('/')
    ringrtc_header_ref.path = 'out/release/libringrtc/ringrtc.h'
  end
end

def fetch_ringrtc
  `make fetch-ringrtc`
end

def copy_acknowledgements
  targets = [
    'Signal',
    'SignalNSE',
    'SignalServiceKit',
    'SignalServiceKitTests',
    'SignalShareExtension',
    'SignalTests',
    'SignalUI',
    'SignalUITests'
  ]
  acknowledgements_files = targets.map do |target|
    "Pods/Target Support Files/Pods-#{target}/Pods-#{target}-acknowledgements.plist"
  end
  acknowledgements_files << "Pods/LibSignalClient/acknowledgments/acknowledgments.plist"
  acknowledgements_files << "Pods/SignalRingRTC/acknowledgments/acknowledgments.plist"
  acknowledgements_files << "Pods/SignalRingRTC/out/release/acknowledgments-webrtc-ios.plist"

  def get_specifier_groups(acknowledgements_files)
    acknowledgements_files.map do |file|
      extract_cmd = ['plutil', '-extract', 'PreferenceSpecifiers', 'json', '-o', '-', file]

      io = IO.popen(extract_cmd, unsetenv_others: true, exception: true)
      result = JSON.parse(io.read)
      io.close
      status = $?
      raise status unless status.exitstatus == 0

      result
    end
  end

  def get_acknowledgements_specifiers(group)
    group[1...-1]
  end

  def write_output_file(specifiers)
    output_file = 'Signal/Settings.bundle/Acknowledgements.plist'
    output_json = JSON.dump(specifiers)
    system('plutil', '-create', 'xml1', output_file, exception: true)
    system('plutil', '-insert', 'PreferenceSpecifiers', '-json', output_json, '-append', output_file, exception: true)
  end

  def add_in_repo_third_party_code_licenses(specifiers)
#    specifiers << {
#      "Type" => "PSGroupSpecifier",
#      "Title" => "",
#      "FooterText" => "",
#      "License" => "",
#    }
     specifiers << {
       "Type" => "PSGroupSpecifier",
       "Title" => "UIImage-Resize",
       "FooterText" => <<~'LICENSE',
         Without any further information, all the sources provided here are under the MIT License
         quoted below.

         Anyway, please contact me by email (olivier.halligon+ae@gmail.com) if you plan to use my work and the provided classes
         in your own software. Thanks.


         /***********************************************************************************
          *
          * Copyright (c) 2010 Olivier Halligon
          *
          * Permission is hereby granted, free of charge, to any person obtaining a copy
          * of this software and associated documentation files (the "Software"), to deal
          * in the Software without restriction, including without limitation the rights
          * to use, copy, modify, merge, publish, distribute, sublicense, and/or sell
          * copies of the Software, and to permit persons to whom the Software is
          * furnished to do so, subject to the following conditions:
          *
          * The above copyright notice and this permission notice shall be included in
          * all copies or substantial portions of the Software.
          *
          * THE SOFTWARE IS PROVIDED "AS IS", WITHOUT WARRANTY OF ANY KIND, EXPRESS OR
          * IMPLIED, INCLUDING BUT NOT LIMITED TO THE WARRANTIES OF MERCHANTABILITY,
          * FITNESS FOR A PARTICULAR PURPOSE AND NONINFRINGEMENT. IN NO EVENT SHALL THE
          * AUTHORS OR COPYRIGHT HOLDERS BE LIABLE FOR ANY CLAIM, DAMAGES OR OTHER
          * LIABILITY, WHETHER IN AN ACTION OF CONTRACT, TORT OR OTHERWISE, ARISING FROM,
          * OUT OF OR IN CONNECTION WITH THE SOFTWARE OR THE USE OR OTHER DEALINGS IN
          * THE SOFTWARE.
          *
          ***********************************************************************************
          *
          * Any comment or suggestion welcome. Referencing this project in your AboutBox is appreciated.
          * Please tell me if you use this class so we can cross-reference our projects.
          *
          ***********************************************************************************/
       LICENSE
       "License" => "MIT",
     }
  end

  specifier_groups = get_specifier_groups(acknowledgements_files)

  header_specifier = specifier_groups.first.first
  footer_specifier = specifier_groups.first.last
  all_acknowledgements_specifiers = specifier_groups.flat_map {|g| get_acknowledgements_specifiers(g)}

  add_in_repo_third_party_code_licenses(all_acknowledgements_specifiers)

  libraries_by_license = Hash.new { |h, k| h[k] = [] }
  all_acknowledgements_specifiers.each do |v|
    v["Title"].split(", ").each do |title|
      libraries_by_license[[v["FooterText"], v["License"]]] << title
    end
  end

  grouped_acknowledgements_specifiers = []
  libraries_by_license.each do |key, value|
    titles = value.uniq.sort_by { |s| s.downcase }.join(", ")
    acknowledgement = {
      "Type" => "PSGroupSpecifier",
      "Title" => titles,
      "FooterText" => key[0],
    }
    acknowledgement["License"] = key[1] if key[1]
    grouped_acknowledgements_specifiers << acknowledgement
  end

  cleaned_acknowledgements_specifiers = grouped_acknowledgements_specifiers.sort_by {|s| s["Title"].downcase}
  final_specifiers = [header_specifier] + cleaned_acknowledgements_specifiers + [footer_specifier]

  write_output_file(final_specifiers)
end
```

### Error

```
ArgumentError - [Xcodeproj] Unable to find compatibility version string for object version `70`.
/opt/homebrew/lib/ruby/gems/3.4.0/gems/xcodeproj-1.27.0/lib/xcodeproj/project.rb:85:in 'Xcodeproj::Project#initialize'
/opt/homebrew/lib/ruby/gems/3.4.0/gems/cocoapods-1.16.2/lib/cocoapods/project.rb:48:in 'Pod::Project#initialize'
/opt/homebrew/lib/ruby/gems/3.4.0/gems/cocoapods-1.16.2/lib/cocoapods/installer/xcode/pods_project_generator/project_generator.rb:82:in 'Class#new'
/opt/homebrew/lib/ruby/gems/3.4.0/gems/cocoapods-1.16.2/lib/cocoapods/installer/xcode/pods_project_generator/project_generator.rb:82:in 'Pod::Installer::Xcode::ProjectGenerator#create_project'
/opt/homebrew/lib/ruby/gems/3.4.0/gems/cocoapods-1.16.2/lib/cocoapods/installer/xcode/pods_project_generator/project_generator.rb:73:in 'Pod::Installer::Xcode::ProjectGenerator#generate!'
/opt/homebrew/lib/ruby/gems/3.4.0/gems/cocoapods-1.16.2/lib/cocoapods/installer/xcode/single_pods_project_generator.rb:16:in 'Pod::Installer::Xcode::SinglePodsProjectGenerator#generate!'
/opt/homebrew/lib/ruby/gems/3.4.0/gems/cocoapods-1.16.2/lib/cocoapods/installer.rb:320:in 'block in Pod::Installer#create_and_save_projects'
/opt/homebrew/lib/ruby/gems/3.4.0/gems/cocoapods-1.16.2/lib/cocoapods/user_interface.rb:64:in 'Pod::UserInterface.section'
/opt/homebrew/lib/ruby/gems/3.4.0/gems/cocoapods-1.16.2/lib/cocoapods/installer.rb:315:in 'Pod::Installer#create_and_save_projects'
/opt/homebrew/lib/ruby/gems/3.4.0/gems/cocoapods-1.16.2/lib/cocoapods/installer.rb:307:in 'Pod::Installer#generate_pods_project'
/opt/homebrew/lib/ruby/gems/3.4.0/gems/cocoapods-1.16.2/lib/cocoapods/installer.rb:183:in 'Pod::Installer#integrate'
/opt/homebrew/lib/ruby/gems/3.4.0/gems/cocoapods-1.16.2/lib/cocoapods/installer.rb:170:in 'Pod::Installer#install!'
/opt/homebrew/lib/ruby/gems/3.4.0/gems/cocoapods-1.16.2/lib/cocoapods/command/install.rb:52:in 'Pod::Command::Install#run'
/opt/homebrew/lib/ruby/gems/3.4.0/gems/claide-1.1.0/lib/claide/command.rb:334:in 'CLAide::Command.run'
/opt/homebrew/lib/ruby/gems/3.4.0/gems/cocoapods-1.16.2/lib/cocoapods/command.rb:52:in 'Pod::Command.run'
/opt/homebrew/lib/ruby/gems/3.4.0/gems/cocoapods-1.16.2/bin/pod:55:in '<top (required)>'
/opt/homebrew/opt/ruby/bin/pod:25:in 'Kernel#load'
/opt/homebrew/opt/ruby/bin/pod:25:in '<main>'
```

――― TEMPLATE END ――――――――――――――――――――――――――――――――――――――――――――――――――――――――――――――――

[!] Oh no, an error occurred.

Search for existing GitHub issues similar to yours:
https://github.com/CocoaPods/CocoaPods/search?q=%5BXcodeproj%5D+Unable+to+find+compatibility+version+string+for+object+version+%6070%60.&type=Issues

If none exists, create a ticket, with the template displayed above, on:
https://github.com/CocoaPods/CocoaPods/issues/new

Be sure to first read the contributing guide for details on how to properly submit a ticket:
https://github.com/CocoaPods/CocoaPods/blob/master/CONTRIBUTING.md

Don't forget to anonymize any private data!

Looking for related issues on cocoapods/cocoapods...
 - CocoaPods don't install in my project
   https://github.com/CocoaPods/CocoaPods/issues/12764 [open] [2 comments]
   2 weeks ago

 - pod install时报错
   https://github.com/CocoaPods/CocoaPods/issues/12805 [open] [1 comment]
   3 weeks ago

 - CocoaPods don't install in my project 
   https://github.com/CocoaPods/CocoaPods/issues/12735 [open] [9 comments]
   4 weeks ago

and 4 more at:
https://github.com/cocoapods/cocoapods/search?q=%5BXcodeproj%5D%20Unable%20to%20find%20compatibility%20version%20string%20for%20object%20version%20%6070%60.&type=Issues&utf8=✓
