Command line invocation:
    /Applications/Xcode.app/Contents/Developer/usr/bin/xcodebuild -list -workspace Signal.xcworkspace

Resolve Package Graph


Resolved source packages:
  MyTool: /Users/ibrahimusmani/Documents/Signal2/Signal-iOS/MyTool
  AWSiOSSDKV2: https://github.com/aws-amplify/aws-sdk-ios-spm @ 2.40.1
  swift-argument-parser: https://github.com/apple/swift-argument-parser.git @ 1.5.0

Information about workspace "Signal":
    Schemes:
        AWSCognitoIdentityProvider
        AWSCognitoIdentityProvider-AWSCognitoIdentityProvider
        AWSCognitoIdentityProviderASF
        AWSCognitoIdentityProviderASF-AWSCognitoIdentityProviderASF
        AWSCore
        AWSCore-AWSCore
        AWSDynamoDB
        AWSDynamoDB-AWSDynamoDB
        blurhash
        BonMot
        GRDB.swift
        LibMobileCoin
        libPhoneNumber-iOS
        LibSignalClient
        LibSignalClient-Unit-Tests
        libwebp
        Logging
        lottie-ios
        lottie-ios-LottiePrivacyInfo
        Mantle
        MobileCoin
        Pods-Signal
        Pods-SignalTests
        PureLayout
        Reachability
        Reachability-Reachability_Privacy
        Signal
        Signal-Staging
        SignalNSE
        SignalRingRTC
        SignalServiceKit
        SignalShareExtension
        SignalTests
        SignalTests2
        SignalUI
        SQLCipher
        SQLCipher-SQLCipher
        SwiftProtobuf
        SwiftProtobuf-SwiftProtobuf
        YYImage

